2026-06-03 02:21:44,337 - root - INFO - **** Training e_100K_full
2026-06-03 02:21:44,491 - helper_functions - INFO - Users: 610, Items: 9742
2026-06-03 02:21:44,491 - helper_functions - INFO - Edge index: torch.Size([2, 100836])
2026-06-03 02:21:44,491 - root - INFO - **** Generating the graph:
2026-06-03 02:21:44,571 - helper_functions - INFO - Number of unique users: 610
2026-06-03 02:21:44,572 - helper_functions - INFO - Number of unique items: 9724
2026-06-03 02:21:44,572 - helper_functions - INFO - Number of nodes: 10334
2026-06-03 02:21:44,574 - helper_functions - INFO - Number of edges: 100836
2026-06-03 02:21:44,974 - optuna.study.study - INFO - Using an existing study with name 'Study_e_100K_full' instead of creating a new one.
2026-06-03 02:21:52,665 - optuna.study._optimize - WARNING - Trial 1 failed with parameters: {'n_layers': 1, 'embedding_dim': 96, 'lr': 0.000260717603550157, 'lambda_val': 0.00012676727485641634, 'batch_size': 866, 'optimizer': 'RMSprop'} because of the following error: KeyboardInterrupt().
Traceback (most recent call last):
  File "/home/paco/gnn-ds/.venv/lib/python3.10/site-packages/optuna/study/_optimize.py", line 206, in _run_trial
    value_or_values = func(trial)
  File "/home/paco/gnn-ds/experiment_functions.py", line 54, in __call__
    train_results = self.train_model(trial, verbose=self.parameters['verbose'])
  File "/home/paco/gnn-ds/experiment_functions.py", line 104, in train_model
    users_emb_final, users_emb_0, items_emb_final, items_emb_0 = self.model.forward(self.train_sparse_edge_index)
  File "/home/paco/gnn-ds/gcn_model.py", line 73, in forward
    edge_index_norm = gcn_norm(edge_index, add_self_loops=self.add_self_loops)
  File "/home/paco/gnn-ds/.venv/lib/python3.10/site-packages/torch_geometric/nn/conv/gcn_conv.py", line 69, in gcn_norm
    adj_t = torch_sparse.mul(adj_t, deg_inv_sqrt.view(-1, 1))
  File "/home/paco/gnn-ds/.venv/lib/python3.10/site-packages/torch_sparse/mul.py", line 26, in mul
    other = gather_csr(other.squeeze(1), rowptr)
  File "/home/paco/gnn-ds/.venv/lib/python3.10/site-packages/torch_scatter/segment_csr.py", line 114, in gather_csr
    return torch.ops.torch_scatter.gather_csr(src, indptr, out)
  File "/home/paco/gnn-ds/.venv/lib/python3.10/site-packages/torch/_ops.py", line 1123, in __call__
    return self._op(*args, **(kwargs or {}))
KeyboardInterrupt
2026-06-03 02:21:52,665 - optuna.study._optimize - WARNING - Trial 1 failed with value None.
